// Jest Snapshot v1, https://goo.gl/fbAQLP

exports[`tests AppRouter should show login if not Auth 1`] = `ReactWrapper {}`;
